\BOOKMARK [0][-]{section*.8}{\376\377\000A\000b\000s\000t\000r\000a\000c\000t}{}% 1
\BOOKMARK [0][-]{chapter*.10}{\376\377\000L\000i\000s\000t\000\040\000o\000f\000\040\000F\000i\000g\000u\000r\000e\000s}{}% 2
\BOOKMARK [0][-]{chapter*.11}{\376\377\000L\000i\000s\000t\000\040\000o\000f\000\040\000T\000a\000b\000l\000e\000s}{}% 3
\BOOKMARK [0][-]{chapter.12}{\376\377\000I\000n\000t\000r\000o\000d\000u\000c\000t\000i\000o\000n}{}% 4
\BOOKMARK [1][-]{section.13}{\376\377\000B\000a\000c\000k\000g\000r\000o\000u\000n\000d\000\040\000a\000n\000d\000\040\000M\000o\000t\000i\000v\000a\000t\000i\000o\000n}{chapter.12}% 5
\BOOKMARK [1][-]{section.14}{\376\377\000P\000r\000o\000b\000l\000e\000m\000\040\000S\000t\000a\000t\000e\000m\000e\000n\000t}{chapter.12}% 6
\BOOKMARK [1][-]{section.15}{\376\377\000O\000b\000j\000e\000c\000t\000i\000v\000e\000s\000\040\000o\000f\000\040\000t\000h\000e\000\040\000S\000t\000u\000d\000y}{chapter.12}% 7
\BOOKMARK [1][-]{section.23}{\376\377\000S\000c\000o\000p\000e\000\040\000a\000n\000d\000\040\000L\000i\000m\000i\000t\000a\000t\000i\000o\000n\000s}{chapter.12}% 8
\BOOKMARK [1][-]{section.24}{\376\377\000O\000r\000g\000a\000n\000i\000z\000a\000t\000i\000o\000n\000\040\000o\000f\000\040\000t\000h\000e\000\040\000T\000h\000e\000s\000i\000s}{chapter.12}% 9
\BOOKMARK [0][-]{chapter.25}{\376\377\000L\000i\000t\000e\000r\000a\000t\000u\000r\000e\000\040\000R\000e\000v\000i\000e\000w}{}% 10
\BOOKMARK [1][-]{section.26}{\376\377\000T\000h\000e\000\040\000U\000n\000i\000v\000e\000r\000s\000i\000t\000y\000\040\000T\000i\000m\000e\000t\000a\000b\000l\000i\000n\000g\000\040\000P\000r\000o\000b\000l\000e\000m\000\040\000\050\000U\000T\000P\000\051}{chapter.25}% 11
\BOOKMARK [2][-]{subsection.27}{\376\377\000C\000o\000n\000s\000t\000r\000a\000i\000n\000t\000\040\000S\000a\000t\000i\000s\000f\000a\000c\000t\000i\000o\000n\000\040\000a\000n\000d\000\040\000C\000o\000m\000p\000l\000e\000x\000i\000t\000y}{section.26}% 12
\BOOKMARK [1][-]{section.28}{\376\377\000A\000l\000g\000o\000r\000i\000t\000h\000m\000i\000c\000\040\000A\000p\000p\000r\000o\000a\000c\000h\000e\000s\000\040\000t\000o\000\040\000T\000i\000m\000e\000t\000a\000b\000l\000i\000n\000g}{chapter.25}% 13
\BOOKMARK [2][-]{subsection.29}{\376\377\000E\000x\000a\000c\000t\000\040\000M\000e\000t\000h\000o\000d\000s}{section.28}% 14
\BOOKMARK [2][-]{subsection.30}{\376\377\000H\000e\000u\000r\000i\000s\000t\000i\000c\000\040\000a\000n\000d\000\040\000M\000e\000t\000a\000-\000H\000e\000u\000r\000i\000s\000t\000i\000c\000\040\000A\000l\000g\000o\000r\000i\000t\000h\000m\000s}{section.28}% 15
\BOOKMARK [1][-]{section.31}{\376\377\000E\000v\000o\000l\000u\000t\000i\000o\000n\000\040\000o\000f\000\040\000T\000i\000m\000e\000t\000a\000b\000l\000e\000\040\000M\000a\000n\000a\000g\000e\000m\000e\000n\000t\000\040\000S\000y\000s\000t\000e\000m\000s}{chapter.25}% 16
\BOOKMARK [2][-]{subsection.32}{\376\377\000L\000e\000g\000a\000c\000y\000\040\000S\000y\000s\000t\000e\000m\000s\000:\000\040\000S\000p\000r\000e\000a\000d\000s\000h\000e\000e\000t\000s\000\040\000a\000n\000d\000\040\000D\000e\000s\000k\000t\000o\000p\000\040\000A\000p\000p\000l\000i\000c\000a\000t\000i\000o\000n\000s}{section.31}% 17
\BOOKMARK [2][-]{subsection.33}{\376\377\000M\000o\000d\000e\000r\000n\000\040\000W\000e\000b\000-\000B\000a\000s\000e\000d\000\040\000A\000r\000c\000h\000i\000t\000e\000c\000t\000u\000r\000e\000s}{section.31}% 18
\BOOKMARK [1][-]{section.34}{\376\377\000I\000d\000e\000n\000t\000i\000f\000i\000c\000a\000t\000i\000o\000n\000\040\000o\000f\000\040\000G\000a\000p\000s\000\040\000i\000n\000\040\000E\000x\000i\000s\000t\000i\000n\000g\000\040\000S\000o\000l\000u\000t\000i\000o\000n\000s}{chapter.25}% 19
\BOOKMARK [0][-]{chapter.36}{\376\377\000T\000e\000c\000h\000n\000o\000l\000o\000g\000i\000e\000s\000\040\000a\000n\000d\000\040\000F\000r\000a\000m\000e\000w\000o\000r\000k\000s}{}% 20
\BOOKMARK [1][-]{section.38}{\376\377\000F\000r\000o\000n\000t\000e\000n\000d\000\040\000A\000r\000c\000h\000i\000t\000e\000c\000t\000u\000r\000e\000:\000\040\000R\000e\000a\000c\000t\000\040\0001\0009\000\040\000a\000n\000d\000\040\000T\000y\000p\000e\000S\000c\000r\000i\000p\000t}{chapter.36}% 21
\BOOKMARK [2][-]{subsection.40}{\376\377\000P\000e\000r\000f\000o\000r\000m\000a\000n\000c\000e\000\040\000a\000n\000d\000\040\000D\000a\000t\000a\000\040\000R\000e\000l\000i\000a\000b\000i\000l\000i\000t\000y}{section.38}% 22
\BOOKMARK [1][-]{section.41}{\376\377\000B\000u\000i\000l\000d\000\040\000a\000n\000d\000\040\000S\000t\000y\000l\000i\000n\000g\000:\000\040\000V\000i\000t\000e\000\040\000a\000n\000d\000\040\000T\000a\000i\000l\000w\000i\000n\000d\000\040\000C\000S\000S}{chapter.36}% 23
\BOOKMARK [1][-]{section.42}{\376\377\000B\000a\000c\000k\000e\000n\000d\000\040\000a\000n\000d\000\040\000D\000a\000t\000a\000\040\000I\000n\000g\000e\000s\000t\000i\000o\000n\000:\000\040\000S\000u\000p\000a\000b\000a\000s\000e}{chapter.36}% 24
\BOOKMARK [1][-]{section.43}{\376\377\000S\000o\000l\000v\000e\000r\000\040\000E\000n\000g\000i\000n\000e\000:\000\040\000P\000u\000r\000e\000\040\000T\000y\000p\000e\000S\000c\000r\000i\000p\000t\000\040\000A\000r\000c\000h\000i\000t\000e\000c\000t\000u\000r\000e}{chapter.36}% 25
\BOOKMARK [1][-]{section.44}{\376\377\000E\000x\000t\000e\000r\000n\000a\000l\000\040\000I\000n\000t\000e\000g\000r\000a\000t\000i\000o\000n\000s\000:\000\040\000R\000e\000p\000o\000r\000t\000i\000n\000g\000\040\000a\000n\000d\000\040\000E\000x\000p\000o\000r\000t}{chapter.36}% 26
\BOOKMARK [0][-]{chapter.45}{\376\377\000S\000y\000s\000t\000e\000m\000\040\000A\000r\000c\000h\000i\000t\000e\000c\000t\000u\000r\000e\000\040\000a\000n\000d\000\040\000D\000e\000s\000i\000g\000n}{}% 27
\BOOKMARK [1][-]{section.46}{\376\377\000A\000p\000p\000l\000i\000c\000a\000t\000i\000o\000n\000\040\000T\000o\000p\000o\000l\000o\000g\000y}{chapter.45}% 28
\BOOKMARK [1][-]{section.47}{\376\377\000D\000a\000t\000a\000b\000a\000s\000e\000\040\000S\000c\000h\000e\000m\000a\000\040\000D\000e\000s\000i\000g\000n}{chapter.45}% 29
\BOOKMARK [2][-]{subsection.48}{\376\377\000C\000o\000r\000e\000\040\000E\000n\000t\000i\000t\000i\000e\000s}{section.47}% 30
\BOOKMARK [2][-]{subsection.50}{\376\377\000T\000h\000e\000\040\000C\000e\000n\000t\000r\000a\000l\000\040\000H\000u\000b\000:\000\040\000t\000i\000m\000e\000t\000a\000b\000l\000e\000\137\000s\000l\000o\000t\000s}{section.47}% 31
\BOOKMARK [2][-]{subsection.52}{\376\377\000S\000o\000l\000v\000e\000r\000\040\000D\000a\000t\000a\000\040\000S\000t\000r\000u\000c\000t\000u\000r\000e\000s}{section.47}% 32
\BOOKMARK [0][-]{chapter.60}{\376\377\000I\000m\000p\000l\000e\000m\000e\000n\000t\000a\000t\000i\000o\000n\000\040\000a\000n\000d\000\040\000R\000e\000s\000u\000l\000t\000s}{}% 33
\BOOKMARK [1][-]{section.61}{\376\377\000D\000y\000n\000a\000m\000i\000c\000\040\000T\000i\000m\000e\000\040\000G\000r\000i\000d\000\040\000G\000e\000n\000e\000r\000a\000t\000i\000o\000n}{chapter.60}% 34
\BOOKMARK [1][-]{section.67}{\376\377\000M\000u\000l\000t\000i\000-\000D\000i\000m\000e\000n\000s\000i\000o\000n\000a\000l\000\040\000C\000l\000a\000s\000h\000\040\000D\000e\000t\000e\000c\000t\000i\000o\000n\000\040\000A\000l\000g\000o\000r\000i\000t\000h\000m}{chapter.60}% 35
\BOOKMARK [1][-]{section.70}{\376\377\000I\000n\000v\000e\000r\000t\000e\000d\000\040\000L\000o\000g\000i\000c\000:\000\040\000T\000h\000e\000\040\000F\000r\000e\000e\000\040\000R\000o\000o\000m\000\040\000F\000i\000n\000d\000e\000r}{chapter.60}% 36
\BOOKMARK [1][-]{section.76}{\376\377\000R\000e\000a\000c\000t\000\040\000C\000o\000m\000p\000o\000n\000e\000n\000t\000\040\000H\000i\000e\000r\000a\000r\000c\000h\000y}{chapter.60}% 37
\BOOKMARK [1][-]{section.78}{\376\377\000R\000o\000l\000e\000-\000B\000a\000s\000e\000d\000\040\000V\000i\000e\000w\000e\000r\000\040\000I\000m\000p\000l\000e\000m\000e\000n\000t\000a\000t\000i\000o\000n\000s}{chapter.60}% 38
\BOOKMARK [2][-]{subsection.80}{\376\377\000S\000t\000u\000d\000e\000n\000t\000\040\000C\000o\000h\000o\000r\000t\000\040\000V\000i\000e\000w}{section.78}% 39
\BOOKMARK [2][-]{subsection.81}{\376\377\000M\000a\000s\000t\000e\000r\000\040\000O\000c\000c\000u\000p\000a\000n\000c\000y\000\040\000V\000i\000e\000w\000e\000r}{section.78}% 40
\BOOKMARK [1][-]{section.82}{\376\377\000E\000x\000p\000o\000r\000t\000\040\000M\000e\000c\000h\000a\000n\000i\000s\000m\000s\000\040\000a\000n\000d\000\040\000R\000e\000s\000u\000l\000t\000s}{chapter.60}% 41
\BOOKMARK [2][-]{subsection.83}{\376\377\000C\000l\000i\000e\000n\000t\000-\000S\000i\000d\000e\000\040\000P\000D\000F\000\040\000G\000e\000n\000e\000r\000a\000t\000i\000o\000n}{section.82}% 42
\BOOKMARK [2][-]{subsection.84}{\376\377\000G\000o\000o\000g\000l\000e\000\040\000S\000h\000e\000e\000t\000s\000\040\000A\000P\000I\000\040\000E\000x\000p\000o\000r\000t}{section.82}% 43
\BOOKMARK [2][-]{subsection.85}{\376\377\000U\000s\000e\000r\000\040\000I\000n\000t\000e\000r\000f\000a\000c\000e\000\040\000E\000v\000a\000l\000u\000a\000t\000i\000o\000n}{section.82}% 44
\BOOKMARK [1][-]{section.86}{\376\377\000T\000h\000e\000\040\000\050\0001\000+\0001\000\051\000-\000E\000S\000\040\000T\000i\000m\000e\000t\000a\000b\000l\000e\000\040\000S\000o\000l\000v\000e\000r}{chapter.60}% 45
\BOOKMARK [2][-]{subsection.87}{\376\377\000C\000h\000r\000o\000m\000o\000s\000o\000m\000e\000\040\000R\000e\000p\000r\000e\000s\000e\000n\000t\000a\000t\000i\000o\000n}{section.86}% 46
\BOOKMARK [2][-]{subsection.89}{\376\377\000S\000e\000s\000s\000i\000o\000n\000\040\000E\000x\000p\000a\000n\000s\000i\000o\000n\000:\000\040\000T\000h\000e\000\040\0002\000+\0001\000\040\000L\000e\000c\000t\000u\000r\000e\000\040\000F\000o\000r\000m\000a\000t}{section.86}% 47
\BOOKMARK [2][-]{subsection.90}{\376\377\000F\000i\000t\000n\000e\000s\000s\000\040\000F\000u\000n\000c\000t\000i\000o\000n}{section.86}% 48
\BOOKMARK [2][-]{subsection.92}{\376\377\000H\000a\000r\000d\000\040\000C\000o\000n\000s\000t\000r\000a\000i\000n\000t\000s}{section.86}% 49
\BOOKMARK [2][-]{subsection.94}{\376\377\000S\000o\000f\000t\000\040\000C\000o\000n\000s\000t\000r\000a\000i\000n\000t\000s}{section.86}% 50
\BOOKMARK [2][-]{subsection.98}{\376\377\000M\000u\000t\000a\000t\000i\000o\000n\000\040\000O\000p\000e\000r\000a\000t\000o\000r\000s}{section.86}% 51
\BOOKMARK [2][-]{subsection.104}{\376\377\000-\000A\000d\000a\000p\000t\000a\000t\000i\000o\000n\000:\000\040\000T\000h\000e\000\040\0001\000/\0005\000t\000h\000\040\000S\000u\000c\000c\000e\000s\000s\000\040\000R\000u\000l\000e}{section.86}% 52
\BOOKMARK [2][-]{subsection.106}{\376\377\000S\000t\000a\000g\000n\000a\000t\000i\000o\000n\000\040\000R\000e\000s\000t\000a\000r\000t}{section.86}% 53
\BOOKMARK [2][-]{subsection.107}{\376\377\000L\000o\000c\000k\000e\000d\000\040\000S\000e\000s\000s\000i\000o\000n\000s\000\040\000a\000n\000d\000\040\000C\000r\000o\000s\000s\000-\000S\000e\000m\000e\000s\000t\000e\000r\000\040\000A\000w\000a\000r\000e\000n\000e\000s\000s}{section.86}% 54
\BOOKMARK [2][-]{subsection.108}{\376\377\000S\000o\000l\000v\000e\000r\000\040\000E\000x\000e\000c\000u\000t\000i\000o\000n\000\040\000F\000l\000o\000w}{section.86}% 55
\BOOKMARK [1][-]{section.118}{\376\377\000T\000h\000e\000\040\000I\000n\000t\000e\000r\000a\000c\000t\000i\000v\000e\000\040\000T\000i\000m\000e\000t\000a\000b\000l\000e\000\040\000E\000d\000i\000t\000o\000r}{chapter.60}% 56
\BOOKMARK [2][-]{subsection.119}{\376\377\000D\000r\000a\000g\000-\000a\000n\000d\000-\000D\000r\000o\000p\000\040\000S\000l\000o\000t\000\040\000R\000e\000a\000r\000r\000a\000n\000g\000e\000m\000e\000n\000t}{section.118}% 57
\BOOKMARK [2][-]{subsection.120}{\376\377\000I\000n\000l\000i\000n\000e\000\040\000E\000d\000i\000t\000i\000n\000g}{section.118}% 58
\BOOKMARK [2][-]{subsection.121}{\376\377\000R\000e\000a\000l\000-\000T\000i\000m\000e\000\040\000C\000o\000n\000f\000l\000i\000c\000t\000\040\000V\000i\000s\000u\000a\000l\000i\000z\000a\000t\000i\000o\000n}{section.118}% 59
\BOOKMARK [2][-]{subsection.122}{\376\377\000F\000e\000a\000s\000i\000b\000i\000l\000i\000t\000y\000\040\000C\000h\000e\000c\000k}{section.118}% 60
\BOOKMARK [2][-]{subsection.123}{\376\377\000L\000N\000S\000\040\000A\000u\000t\000o\000-\000F\000i\000x}{section.118}% 61
\BOOKMARK [2][-]{subsection.129}{\376\377\000M\000a\000s\000t\000e\000r\000\040\000V\000i\000e\000w}{section.118}% 62
\BOOKMARK [1][-]{section.130}{\376\377\000T\000h\000e\000\040\000I\000n\000t\000e\000l\000l\000i\000g\000e\000n\000t\000\040\000G\000e\000n\000e\000r\000a\000t\000o\000r}{chapter.60}% 63
\BOOKMARK [2][-]{subsection.131}{\376\377\000S\000t\000e\000p\000\040\0001\000:\000\040\000C\000l\000u\000s\000t\000e\000r\000\040\000S\000e\000l\000e\000c\000t\000i\000o\000n}{section.130}% 64
\BOOKMARK [2][-]{subsection.132}{\376\377\000S\000t\000e\000p\000\040\0002\000:\000\040\000H\000o\000m\000e\000\040\000R\000o\000o\000m\000\040\000M\000a\000p\000p\000i\000n\000g}{section.130}% 65
\BOOKMARK [2][-]{subsection.133}{\376\377\000S\000t\000e\000p\000\040\0003\000:\000\040\000P\000r\000o\000f\000e\000s\000s\000o\000r\000\040\000A\000s\000s\000i\000g\000n\000m\000e\000n\000t\000\040\000M\000a\000t\000r\000i\000x}{section.130}% 66
\BOOKMARK [2][-]{subsection.134}{\376\377\000S\000t\000e\000p\000\040\0004\000:\000\040\000S\000e\000e\000d\000\040\000a\000n\000d\000\040\000L\000o\000c\000k\000\040\000C\000o\000n\000f\000i\000g\000u\000r\000a\000t\000i\000o\000n}{section.130}% 67
\BOOKMARK [2][-]{subsection.135}{\376\377\000S\000t\000e\000p\000\040\0005\000:\000\040\000S\000o\000l\000v\000e\000r\000\040\000E\000x\000e\000c\000u\000t\000i\000o\000n\000\040\000a\000n\000d\000\040\000R\000e\000s\000u\000l\000t\000s}{section.130}% 68
\BOOKMARK [2][-]{subsection.136}{\376\377\000E\000n\000d\000-\000t\000o\000-\000E\000n\000d\000\040\000S\000e\000q\000u\000e\000n\000c\000e\000\040\000D\000i\000a\000g\000r\000a\000m}{section.130}% 69
\BOOKMARK [0][-]{chapter.138}{\376\377\000C\000o\000n\000c\000l\000u\000s\000i\000o\000n\000\040\000a\000n\000d\000\040\000F\000u\000t\000u\000r\000e\000\040\000W\000o\000r\000k}{}% 70
\BOOKMARK [1][-]{section.139}{\376\377\000S\000u\000m\000m\000a\000r\000y\000\040\000o\000f\000\040\000C\000o\000n\000t\000r\000i\000b\000u\000t\000i\000o\000n\000s}{chapter.138}% 71
\BOOKMARK [1][-]{section.140}{\376\377\000C\000u\000r\000r\000e\000n\000t\000\040\000L\000i\000m\000i\000t\000a\000t\000i\000o\000n\000s\000\040\000a\000n\000d\000\040\000P\000r\000o\000p\000o\000s\000e\000d\000\040\000E\000n\000h\000a\000n\000c\000e\000m\000e\000n\000t\000s}{chapter.138}% 72
\BOOKMARK [1][-]{section.142}{\376\377\000C\000o\000n\000c\000l\000u\000d\000i\000n\000g\000\040\000R\000e\000m\000a\000r\000k\000s}{chapter.138}% 73
\BOOKMARK [0][-]{appendix.143}{\376\377\000C\000o\000r\000e\000\040\000A\000l\000g\000o\000r\000i\000t\000h\000m\000\040\000S\000n\000i\000p\000p\000e\000t\000s}{}% 74
\BOOKMARK [1][-]{section.144}{\376\377\000D\000y\000n\000a\000m\000i\000c\000\040\000G\000r\000i\000d\000\040\000G\000e\000n\000e\000r\000a\000t\000i\000o\000n\000\040\000L\000o\000g\000i\000c}{appendix.143}% 75
\BOOKMARK [1][-]{section.172}{\376\377\000R\000e\000a\000l\000-\000T\000i\000m\000e\000\040\000C\000l\000a\000s\000h\000\040\000D\000e\000t\000e\000c\000t\000i\000o\000n\000\040\000F\000i\000l\000t\000e\000r}{appendix.143}% 76
\BOOKMARK [1][-]{section.200}{\376\377\000S\000o\000l\000v\000e\000r\000\040\000F\000i\000t\000n\000e\000s\000s\000\040\000E\000v\000a\000l\000u\000a\000t\000i\000o\000n\000\040\000F\000u\000n\000c\000t\000i\000o\000n}{appendix.143}% 77
\BOOKMARK [1][-]{section.246}{\376\377\000\050\0001\000+\0001\000\051\000-\000E\000S\000\040\000S\000o\000l\000v\000e\000r\000\040\000M\000a\000i\000n\000\040\000L\000o\000o\000p}{appendix.143}% 78
\BOOKMARK [1][-]{section.308}{\376\377\000L\000N\000S\000\040\000A\000u\000t\000o\000-\000F\000i\000x\000\040\000f\000o\000r\000\040\000t\000h\000e\000\040\000E\000d\000i\000t\000o\000r}{appendix.143}% 79
